479 383
478 383
478 384
469 373
478 385
477 384
476 384
475 383
468 373
479 387
478 386
477 386
476 385
475 384
474 383
473 383
472 382
471 380
470 379
469 378
467 373
